
*** Running vivado
    with args -log image_filter.vds -m64 -product Vivado -mode batch -messageDb vivado.pb -notrace -source image_filter.tcl


ECHO is off.
ECHO is off.

****** Vivado v2023.1 (64-bit)
  **** SW Build 3865809 on Sun May  7 15:05:29 MDT 2023
  **** IP Build 3864474 on Sun May  7 20:36:21 MDT 2023
  **** SharedData Build 3865790 on Sun May 07 13:33:03 MDT 2023
    ** Copyright 1986-2022 Xilinx, Inc. All Rights Reserved.
    ** Copyright 2022-2023 Advanced Micro Devices, Inc. All Rights Reserved.

source image_filter.tcl -notrace
create_project: Time (s): cpu = 00:00:08 ; elapsed = 00:00:08 . Memory (MB): peak = 426.199 ; gain = 163.891
Command: synth_design -top image_filter -part xc7z010clg400-1
Starting synth_design
Attempting to get a license for feature 'Synthesis' and/or device 'xc7z010'
INFO: [Common 17-349] Got license for feature 'Synthesis' and/or device 'xc7z010'
INFO: [Synth 8-7079] Multithreading enabled for synth_design using a maximum of 2 processes.
INFO: [Synth 8-7078] Launching helper process for spawning children vivado processes
INFO: [Synth 8-7075] Helper process launched with PID 7304
---------------------------------------------------------------------------------
Starting Synthesize : Time (s): cpu = 00:00:06 ; elapsed = 00:00:07 . Memory (MB): peak = 868.781 ; gain = 416.434
---------------------------------------------------------------------------------
INFO: [Synth 8-6157] synthesizing module 'image_filter' [C:/Users/dyang/Desktop/CSUN/ECE520/Image_Processing/Image_Processing.srcs/sources_1/new/image_filter.v:23]
INFO: [Synth 8-6157] synthesizing module 'line_buffer' [C:/Users/dyang/Desktop/CSUN/ECE520/Image_Processing/Image_Processing.srcs/sources_1/new/line_buffer.v:23]
	Parameter IMG_WIDTH_MAX bound to: 640 - type: integer 
INFO: [Synth 8-6155] done synthesizing module 'line_buffer' (0#1) [C:/Users/dyang/Desktop/CSUN/ECE520/Image_Processing/Image_Processing.srcs/sources_1/new/line_buffer.v:23]
INFO: [Synth 8-6157] synthesizing module 'conv_engine' [C:/Users/dyang/Desktop/CSUN/ECE520/Image_Processing/Image_Processing.srcs/sources_1/new/conv_engine.v:23]
INFO: [Synth 8-6155] done synthesizing module 'conv_engine' (0#1) [C:/Users/dyang/Desktop/CSUN/ECE520/Image_Processing/Image_Processing.srcs/sources_1/new/conv_engine.v:23]
INFO: [Synth 8-6155] done synthesizing module 'image_filter' (0#1) [C:/Users/dyang/Desktop/CSUN/ECE520/Image_Processing/Image_Processing.srcs/sources_1/new/image_filter.v:23]
WARNING: [Synth 8-11357] Potential Runtime issue for 3D-RAM or RAM from Record/Structs for RAM  row_buf_reg with 15360 registers
WARNING: [Synth 8-7137] Register row_buf_reg[0][0] in module line_buffer has both Set and reset with same priority. This may cause simulation mismatches. Consider rewriting code  [C:/Users/dyang/Desktop/CSUN/ECE520/Image_Processing/Image_Processing.srcs/sources_1/new/line_buffer.v:75]
WARNING: [Synth 8-7137] Register row_buf_reg[0][1] in module line_buffer has both Set and reset with same priority. This may cause simulation mismatches. Consider rewriting code  [C:/Users/dyang/Desktop/CSUN/ECE520/Image_Processing/Image_Processing.srcs/sources_1/new/line_buffer.v:75]
WARNING: [Synth 8-7137] Register row_buf_reg[0][2] in module line_buffer has both Set and reset with same priority. This may cause simulation mismatches. Consider rewriting code  [C:/Users/dyang/Desktop/CSUN/ECE520/Image_Processing/Image_Processing.srcs/sources_1/new/line_buffer.v:75]
WARNING: [Synth 8-7137] Register row_buf_reg[0][3] in module line_buffer has both Set and reset with same priority. This may cause simulation mismatches. Consider rewriting code  [C:/Users/dyang/Desktop/CSUN/ECE520/Image_Processing/Image_Processing.srcs/sources_1/new/line_buffer.v:75]
WARNING: [Synth 8-7137] Register row_buf_reg[0][4] in module line_buffer has both Set and reset with same priority. This may cause simulation mismatches. Consider rewriting code  [C:/Users/dyang/Desktop/CSUN/ECE520/Image_Processing/Image_Processing.srcs/sources_1/new/line_buffer.v:75]
WARNING: [Synth 8-7137] Register row_buf_reg[0][5] in module line_buffer has both Set and reset with same priority. This may cause simulation mismatches. Consider rewriting code  [C:/Users/dyang/Desktop/CSUN/ECE520/Image_Processing/Image_Processing.srcs/sources_1/new/line_buffer.v:75]
WARNING: [Synth 8-7137] Register row_buf_reg[0][6] in module line_buffer has both Set and reset with same priority. This may cause simulation mismatches. Consider rewriting code  [C:/Users/dyang/Desktop/CSUN/ECE520/Image_Processing/Image_Processing.srcs/sources_1/new/line_buffer.v:75]
WARNING: [Synth 8-7137] Register row_buf_reg[0][7] in module line_buffer has both Set and reset with same priority. This may cause simulation mismatches. Consider rewriting code  [C:/Users/dyang/Desktop/CSUN/ECE520/Image_Processing/Image_Processing.srcs/sources_1/new/line_buffer.v:75]
WARNING: [Synth 8-7137] Register row_buf_reg[0][8] in module line_buffer has both Set and reset with same priority. This may cause simulation mismatches. Consider rewriting code  [C:/Users/dyang/Desktop/CSUN/ECE520/Image_Processing/Image_Processing.srcs/sources_1/new/line_buffer.v:75]
WARNING: [Synth 8-7137] Register row_buf_reg[0][9] in module line_buffer has both Set and reset with same priority. This may cause simulation mismatches. Consider rewriting code  [C:/Users/dyang/Desktop/CSUN/ECE520/Image_Processing/Image_Processing.srcs/sources_1/new/line_buffer.v:75]
WARNING: [Synth 8-7137] Register row_buf_reg[0][10] in module line_buffer has both Set and reset with same priority. This may cause simulation mismatches. Consider rewriting code  [C:/Users/dyang/Desktop/CSUN/ECE520/Image_Processing/Image_Processing.srcs/sources_1/new/line_buffer.v:75]
WARNING: [Synth 8-7137] Register row_buf_reg[0][11] in module line_buffer has both Set and reset with same priority. This may cause simulation mismatches. Consider rewriting code  [C:/Users/dyang/Desktop/CSUN/ECE520/Image_Processing/Image_Processing.srcs/sources_1/new/line_buffer.v:75]
WARNING: [Synth 8-7137] Register row_buf_reg[0][12] in module line_buffer has both Set and reset with same priority. This may cause simulation mismatches. Consider rewriting code  [C:/Users/dyang/Desktop/CSUN/ECE520/Image_Processing/Image_Processing.srcs/sources_1/new/line_buffer.v:75]
WARNING: [Synth 8-7137] Register row_buf_reg[0][13] in module line_buffer has both Set and reset with same priority. This may cause simulation mismatches. Consider rewriting code  [C:/Users/dyang/Desktop/CSUN/ECE520/Image_Processing/Image_Processing.srcs/sources_1/new/line_buffer.v:75]
WARNING: [Synth 8-7137] Register row_buf_reg[0][14] in module line_buffer has both Set and reset with same priority. This may cause simulation mismatches. Consider rewriting code  [C:/Users/dyang/Desktop/CSUN/ECE520/Image_Processing/Image_Processing.srcs/sources_1/new/line_buffer.v:75]
WARNING: [Synth 8-7137] Register row_buf_reg[0][15] in module line_buffer has both Set and reset with same priority. This may cause simulation mismatches. Consider rewriting code  [C:/Users/dyang/Desktop/CSUN/ECE520/Image_Processing/Image_Processing.srcs/sources_1/new/line_buffer.v:75]
WARNING: [Synth 8-7137] Register row_buf_reg[0][16] in module line_buffer has both Set and reset with same priority. This may cause simulation mismatches. Consider rewriting code  [C:/Users/dyang/Desktop/CSUN/ECE520/Image_Processing/Image_Processing.srcs/sources_1/new/line_buffer.v:75]
WARNING: [Synth 8-7137] Register row_buf_reg[0][17] in module line_buffer has both Set and reset with same priority. This may cause simulation mismatches. Consider rewriting code  [C:/Users/dyang/Desktop/CSUN/ECE520/Image_Processing/Image_Processing.srcs/sources_1/new/line_buffer.v:75]
WARNING: [Synth 8-7137] Register row_buf_reg[0][18] in module line_buffer has both Set and reset with same priority. This may cause simulation mismatches. Consider rewriting code  [C:/Users/dyang/Desktop/CSUN/ECE520/Image_Processing/Image_Processing.srcs/sources_1/new/line_buffer.v:75]
WARNING: [Synth 8-7137] Register row_buf_reg[0][19] in module line_buffer has both Set and reset with same priority. This may cause simulation mismatches. Consider rewriting code  [C:/Users/dyang/Desktop/CSUN/ECE520/Image_Processing/Image_Processing.srcs/sources_1/new/line_buffer.v:75]
WARNING: [Synth 8-7137] Register row_buf_reg[0][20] in module line_buffer has both Set and reset with same priority. This may cause simulation mismatches. Consider rewriting code  [C:/Users/dyang/Desktop/CSUN/ECE520/Image_Processing/Image_Processing.srcs/sources_1/new/line_buffer.v:75]
WARNING: [Synth 8-7137] Register row_buf_reg[0][21] in module line_buffer has both Set and reset with same priority. This may cause simulation mismatches. Consider rewriting code  [C:/Users/dyang/Desktop/CSUN/ECE520/Image_Processing/Image_Processing.srcs/sources_1/new/line_buffer.v:75]
WARNING: [Synth 8-7137] Register row_buf_reg[0][22] in module line_buffer has both Set and reset with same priority. This may cause simulation mismatches. Consider rewriting code  [C:/Users/dyang/Desktop/CSUN/ECE520/Image_Processing/Image_Processing.srcs/sources_1/new/line_buffer.v:75]
WARNING: [Synth 8-7137] Register row_buf_reg[0][23] in module line_buffer has both Set and reset with same priority. This may cause simulation mismatches. Consider rewriting code  [C:/Users/dyang/Desktop/CSUN/ECE520/Image_Processing/Image_Processing.srcs/sources_1/new/line_buffer.v:75]
WARNING: [Synth 8-7137] Register row_buf_reg[0][24] in module line_buffer has both Set and reset with same priority. This may cause simulation mismatches. Consider rewriting code  [C:/Users/dyang/Desktop/CSUN/ECE520/Image_Processing/Image_Processing.srcs/sources_1/new/line_buffer.v:75]
WARNING: [Synth 8-7137] Register row_buf_reg[0][25] in module line_buffer has both Set and reset with same priority. This may cause simulation mismatches. Consider rewriting code  [C:/Users/dyang/Desktop/CSUN/ECE520/Image_Processing/Image_Processing.srcs/sources_1/new/line_buffer.v:75]
WARNING: [Synth 8-7137] Register row_buf_reg[0][26] in module line_buffer has both Set and reset with same priority. This may cause simulation mismatches. Consider rewriting code  [C:/Users/dyang/Desktop/CSUN/ECE520/Image_Processing/Image_Processing.srcs/sources_1/new/line_buffer.v:75]
WARNING: [Synth 8-7137] Register row_buf_reg[0][27] in module line_buffer has both Set and reset with same priority. This may cause simulation mismatches. Consider rewriting code  [C:/Users/dyang/Desktop/CSUN/ECE520/Image_Processing/Image_Processing.srcs/sources_1/new/line_buffer.v:75]
WARNING: [Synth 8-7137] Register row_buf_reg[0][28] in module line_buffer has both Set and reset with same priority. This may cause simulation mismatches. Consider rewriting code  [C:/Users/dyang/Desktop/CSUN/ECE520/Image_Processing/Image_Processing.srcs/sources_1/new/line_buffer.v:75]
WARNING: [Synth 8-7137] Register row_buf_reg[0][29] in module line_buffer has both Set and reset with same priority. This may cause simulation mismatches. Consider rewriting code  [C:/Users/dyang/Desktop/CSUN/ECE520/Image_Processing/Image_Processing.srcs/sources_1/new/line_buffer.v:75]
WARNING: [Synth 8-7137] Register row_buf_reg[0][30] in module line_buffer has both Set and reset with same priority. This may cause simulation mismatches. Consider rewriting code  [C:/Users/dyang/Desktop/CSUN/ECE520/Image_Processing/Image_Processing.srcs/sources_1/new/line_buffer.v:75]
WARNING: [Synth 8-7137] Register row_buf_reg[0][31] in module line_buffer has both Set and reset with same priority. This may cause simulation mismatches. Consider rewriting code  [C:/Users/dyang/Desktop/CSUN/ECE520/Image_Processing/Image_Processing.srcs/sources_1/new/line_buffer.v:75]
WARNING: [Synth 8-7137] Register row_buf_reg[0][32] in module line_buffer has both Set and reset with same priority. This may cause simulation mismatches. Consider rewriting code  [C:/Users/dyang/Desktop/CSUN/ECE520/Image_Processing/Image_Processing.srcs/sources_1/new/line_buffer.v:75]
WARNING: [Synth 8-7137] Register row_buf_reg[0][33] in module line_buffer has both Set and reset with same priority. This may cause simulation mismatches. Consider rewriting code  [C:/Users/dyang/Desktop/CSUN/ECE520/Image_Processing/Image_Processing.srcs/sources_1/new/line_buffer.v:75]
WARNING: [Synth 8-7137] Register row_buf_reg[0][34] in module line_buffer has both Set and reset with same priority. This may cause simulation mismatches. Consider rewriting code  [C:/Users/dyang/Desktop/CSUN/ECE520/Image_Processing/Image_Processing.srcs/sources_1/new/line_buffer.v:75]
WARNING: [Synth 8-7137] Register row_buf_reg[0][35] in module line_buffer has both Set and reset with same priority. This may cause simulation mismatches. Consider rewriting code  [C:/Users/dyang/Desktop/CSUN/ECE520/Image_Processing/Image_Processing.srcs/sources_1/new/line_buffer.v:75]
WARNING: [Synth 8-7137] Register row_buf_reg[0][36] in module line_buffer has both Set and reset with same priority. This may cause simulation mismatches. Consider rewriting code  [C:/Users/dyang/Desktop/CSUN/ECE520/Image_Processing/Image_Processing.srcs/sources_1/new/line_buffer.v:75]
WARNING: [Synth 8-7137] Register row_buf_reg[0][37] in module line_buffer has both Set and reset with same priority. This may cause simulation mismatches. Consider rewriting code  [C:/Users/dyang/Desktop/CSUN/ECE520/Image_Processing/Image_Processing.srcs/sources_1/new/line_buffer.v:75]
WARNING: [Synth 8-7137] Register row_buf_reg[0][38] in module line_buffer has both Set and reset with same priority. This may cause simulation mismatches. Consider rewriting code  [C:/Users/dyang/Desktop/CSUN/ECE520/Image_Processing/Image_Processing.srcs/sources_1/new/line_buffer.v:75]
WARNING: [Synth 8-7137] Register row_buf_reg[0][39] in module line_buffer has both Set and reset with same priority. This may cause simulation mismatches. Consider rewriting code  [C:/Users/dyang/Desktop/CSUN/ECE520/Image_Processing/Image_Processing.srcs/sources_1/new/line_buffer.v:75]
WARNING: [Synth 8-7137] Register row_buf_reg[0][40] in module line_buffer has both Set and reset with same priority. This may cause simulation mismatches. Consider rewriting code  [C:/Users/dyang/Desktop/CSUN/ECE520/Image_Processing/Image_Processing.srcs/sources_1/new/line_buffer.v:75]
WARNING: [Synth 8-7137] Register row_buf_reg[0][41] in module line_buffer has both Set and reset with same priority. This may cause simulation mismatches. Consider rewriting code  [C:/Users/dyang/Desktop/CSUN/ECE520/Image_Processing/Image_Processing.srcs/sources_1/new/line_buffer.v:75]
WARNING: [Synth 8-7137] Register row_buf_reg[0][42] in module line_buffer has both Set and reset with same priority. This may cause simulation mismatches. Consider rewriting code  [C:/Users/dyang/Desktop/CSUN/ECE520/Image_Processing/Image_Processing.srcs/sources_1/new/line_buffer.v:75]
WARNING: [Synth 8-7137] Register row_buf_reg[0][43] in module line_buffer has both Set and reset with same priority. This may cause simulation mismatches. Consider rewriting code  [C:/Users/dyang/Desktop/CSUN/ECE520/Image_Processing/Image_Processing.srcs/sources_1/new/line_buffer.v:75]
WARNING: [Synth 8-7137] Register row_buf_reg[0][44] in module line_buffer has both Set and reset with same priority. This may cause simulation mismatches. Consider rewriting code  [C:/Users/dyang/Desktop/CSUN/ECE520/Image_Processing/Image_Processing.srcs/sources_1/new/line_buffer.v:75]
WARNING: [Synth 8-7137] Register row_buf_reg[0][45] in module line_buffer has both Set and reset with same priority. This may cause simulation mismatches. Consider rewriting code  [C:/Users/dyang/Desktop/CSUN/ECE520/Image_Processing/Image_Processing.srcs/sources_1/new/line_buffer.v:75]
WARNING: [Synth 8-7137] Register row_buf_reg[0][46] in module line_buffer has both Set and reset with same priority. This may cause simulation mismatches. Consider rewriting code  [C:/Users/dyang/Desktop/CSUN/ECE520/Image_Processing/Image_Processing.srcs/sources_1/new/line_buffer.v:75]
WARNING: [Synth 8-7137] Register row_buf_reg[0][47] in module line_buffer has both Set and reset with same priority. This may cause simulation mismatches. Consider rewriting code  [C:/Users/dyang/Desktop/CSUN/ECE520/Image_Processing/Image_Processing.srcs/sources_1/new/line_buffer.v:75]
WARNING: [Synth 8-7137] Register row_buf_reg[0][48] in module line_buffer has both Set and reset with same priority. This may cause simulation mismatches. Consider rewriting code  [C:/Users/dyang/Desktop/CSUN/ECE520/Image_Processing/Image_Processing.srcs/sources_1/new/line_buffer.v:75]
WARNING: [Synth 8-7137] Register row_buf_reg[0][49] in module line_buffer has both Set and reset with same priority. This may cause simulation mismatches. Consider rewriting code  [C:/Users/dyang/Desktop/CSUN/ECE520/Image_Processing/Image_Processing.srcs/sources_1/new/line_buffer.v:75]
WARNING: [Synth 8-7137] Register row_buf_reg[0][50] in module line_buffer has both Set and reset with same priority. This may cause simulation mismatches. Consider rewriting code  [C:/Users/dyang/Desktop/CSUN/ECE520/Image_Processing/Image_Processing.srcs/sources_1/new/line_buffer.v:75]
WARNING: [Synth 8-7137] Register row_buf_reg[0][51] in module line_buffer has both Set and reset with same priority. This may cause simulation mismatches. Consider rewriting code  [C:/Users/dyang/Desktop/CSUN/ECE520/Image_Processing/Image_Processing.srcs/sources_1/new/line_buffer.v:75]
WARNING: [Synth 8-7137] Register row_buf_reg[0][52] in module line_buffer has both Set and reset with same priority. This may cause simulation mismatches. Consider rewriting code  [C:/Users/dyang/Desktop/CSUN/ECE520/Image_Processing/Image_Processing.srcs/sources_1/new/line_buffer.v:75]
WARNING: [Synth 8-7137] Register row_buf_reg[0][53] in module line_buffer has both Set and reset with same priority. This may cause simulation mismatches. Consider rewriting code  [C:/Users/dyang/Desktop/CSUN/ECE520/Image_Processing/Image_Processing.srcs/sources_1/new/line_buffer.v:75]
WARNING: [Synth 8-7137] Register row_buf_reg[0][54] in module line_buffer has both Set and reset with same priority. This may cause simulation mismatches. Consider rewriting code  [C:/Users/dyang/Desktop/CSUN/ECE520/Image_Processing/Image_Processing.srcs/sources_1/new/line_buffer.v:75]
WARNING: [Synth 8-7137] Register row_buf_reg[0][55] in module line_buffer has both Set and reset with same priority. This may cause simulation mismatches. Consider rewriting code  [C:/Users/dyang/Desktop/CSUN/ECE520/Image_Processing/Image_Processing.srcs/sources_1/new/line_buffer.v:75]
WARNING: [Synth 8-7137] Register row_buf_reg[0][56] in module line_buffer has both Set and reset with same priority. This may cause simulation mismatches. Consider rewriting code  [C:/Users/dyang/Desktop/CSUN/ECE520/Image_Processing/Image_Processing.srcs/sources_1/new/line_buffer.v:75]
WARNING: [Synth 8-7137] Register row_buf_reg[0][57] in module line_buffer has both Set and reset with same priority. This may cause simulation mismatches. Consider rewriting code  [C:/Users/dyang/Desktop/CSUN/ECE520/Image_Processing/Image_Processing.srcs/sources_1/new/line_buffer.v:75]
WARNING: [Synth 8-7137] Register row_buf_reg[0][58] in module line_buffer has both Set and reset with same priority. This may cause simulation mismatches. Consider rewriting code  [C:/Users/dyang/Desktop/CSUN/ECE520/Image_Processing/Image_Processing.srcs/sources_1/new/line_buffer.v:75]
WARNING: [Synth 8-7137] Register row_buf_reg[0][59] in module line_buffer has both Set and reset with same priority. This may cause simulation mismatches. Consider rewriting code  [C:/Users/dyang/Desktop/CSUN/ECE520/Image_Processing/Image_Processing.srcs/sources_1/new/line_buffer.v:75]
WARNING: [Synth 8-7137] Register row_buf_reg[0][60] in module line_buffer has both Set and reset with same priority. This may cause simulation mismatches. Consider rewriting code  [C:/Users/dyang/Desktop/CSUN/ECE520/Image_Processing/Image_Processing.srcs/sources_1/new/line_buffer.v:75]
WARNING: [Synth 8-7137] Register row_buf_reg[0][61] in module line_buffer has both Set and reset with same priority. This may cause simulation mismatches. Consider rewriting code  [C:/Users/dyang/Desktop/CSUN/ECE520/Image_Processing/Image_Processing.srcs/sources_1/new/line_buffer.v:75]
WARNING: [Synth 8-7137] Register row_buf_reg[0][62] in module line_buffer has both Set and reset with same priority. This may cause simulation mismatches. Consider rewriting code  [C:/Users/dyang/Desktop/CSUN/ECE520/Image_Processing/Image_Processing.srcs/sources_1/new/line_buffer.v:75]
WARNING: [Synth 8-7137] Register row_buf_reg[0][63] in module line_buffer has both Set and reset with same priority. This may cause simulation mismatches. Consider rewriting code  [C:/Users/dyang/Desktop/CSUN/ECE520/Image_Processing/Image_Processing.srcs/sources_1/new/line_buffer.v:75]
WARNING: [Synth 8-7137] Register row_buf_reg[0][64] in module line_buffer has both Set and reset with same priority. This may cause simulation mismatches. Consider rewriting code  [C:/Users/dyang/Desktop/CSUN/ECE520/Image_Processing/Image_Processing.srcs/sources_1/new/line_buffer.v:75]
WARNING: [Synth 8-7137] Register row_buf_reg[0][65] in module line_buffer has both Set and reset with same priority. This may cause simulation mismatches. Consider rewriting code  [C:/Users/dyang/Desktop/CSUN/ECE520/Image_Processing/Image_Processing.srcs/sources_1/new/line_buffer.v:75]
WARNING: [Synth 8-7137] Register row_buf_reg[0][66] in module line_buffer has both Set and reset with same priority. This may cause simulation mismatches. Consider rewriting code  [C:/Users/dyang/Desktop/CSUN/ECE520/Image_Processing/Image_Processing.srcs/sources_1/new/line_buffer.v:75]
WARNING: [Synth 8-7137] Register row_buf_reg[0][67] in module line_buffer has both Set and reset with same priority. This may cause simulation mismatches. Consider rewriting code  [C:/Users/dyang/Desktop/CSUN/ECE520/Image_Processing/Image_Processing.srcs/sources_1/new/line_buffer.v:75]
WARNING: [Synth 8-7137] Register row_buf_reg[0][68] in module line_buffer has both Set and reset with same priority. This may cause simulation mismatches. Consider rewriting code  [C:/Users/dyang/Desktop/CSUN/ECE520/Image_Processing/Image_Processing.srcs/sources_1/new/line_buffer.v:75]
WARNING: [Synth 8-7137] Register row_buf_reg[0][69] in module line_buffer has both Set and reset with same priority. This may cause simulation mismatches. Consider rewriting code  [C:/Users/dyang/Desktop/CSUN/ECE520/Image_Processing/Image_Processing.srcs/sources_1/new/line_buffer.v:75]
WARNING: [Synth 8-7137] Register row_buf_reg[0][70] in module line_buffer has both Set and reset with same priority. This may cause simulation mismatches. Consider rewriting code  [C:/Users/dyang/Desktop/CSUN/ECE520/Image_Processing/Image_Processing.srcs/sources_1/new/line_buffer.v:75]
WARNING: [Synth 8-7137] Register row_buf_reg[0][71] in module line_buffer has both Set and reset with same priority. This may cause simulation mismatches. Consider rewriting code  [C:/Users/dyang/Desktop/CSUN/ECE520/Image_Processing/Image_Processing.srcs/sources_1/new/line_buffer.v:75]
WARNING: [Synth 8-7137] Register row_buf_reg[0][72] in module line_buffer has both Set and reset with same priority. This may cause simulation mismatches. Consider rewriting code  [C:/Users/dyang/Desktop/CSUN/ECE520/Image_Processing/Image_Processing.srcs/sources_1/new/line_buffer.v:75]
WARNING: [Synth 8-7137] Register row_buf_reg[0][73] in module line_buffer has both Set and reset with same priority. This may cause simulation mismatches. Consider rewriting code  [C:/Users/dyang/Desktop/CSUN/ECE520/Image_Processing/Image_Processing.srcs/sources_1/new/line_buffer.v:75]
WARNING: [Synth 8-7137] Register row_buf_reg[0][74] in module line_buffer has both Set and reset with same priority. This may cause simulation mismatches. Consider rewriting code  [C:/Users/dyang/Desktop/CSUN/ECE520/Image_Processing/Image_Processing.srcs/sources_1/new/line_buffer.v:75]
WARNING: [Synth 8-7137] Register row_buf_reg[0][75] in module line_buffer has both Set and reset with same priority. This may cause simulation mismatches. Consider rewriting code  [C:/Users/dyang/Desktop/CSUN/ECE520/Image_Processing/Image_Processing.srcs/sources_1/new/line_buffer.v:75]
WARNING: [Synth 8-7137] Register row_buf_reg[0][76] in module line_buffer has both Set and reset with same priority. This may cause simulation mismatches. Consider rewriting code  [C:/Users/dyang/Desktop/CSUN/ECE520/Image_Processing/Image_Processing.srcs/sources_1/new/line_buffer.v:75]
WARNING: [Synth 8-7137] Register row_buf_reg[0][77] in module line_buffer has both Set and reset with same priority. This may cause simulation mismatches. Consider rewriting code  [C:/Users/dyang/Desktop/CSUN/ECE520/Image_Processing/Image_Processing.srcs/sources_1/new/line_buffer.v:75]
WARNING: [Synth 8-7137] Register row_buf_reg[0][78] in module line_buffer has both Set and reset with same priority. This may cause simulation mismatches. Consider rewriting code  [C:/Users/dyang/Desktop/CSUN/ECE520/Image_Processing/Image_Processing.srcs/sources_1/new/line_buffer.v:75]
WARNING: [Synth 8-7137] Register row_buf_reg[0][79] in module line_buffer has both Set and reset with same priority. This may cause simulation mismatches. Consider rewriting code  [C:/Users/dyang/Desktop/CSUN/ECE520/Image_Processing/Image_Processing.srcs/sources_1/new/line_buffer.v:75]
WARNING: [Synth 8-7137] Register row_buf_reg[0][80] in module line_buffer has both Set and reset with same priority. This may cause simulation mismatches. Consider rewriting code  [C:/Users/dyang/Desktop/CSUN/ECE520/Image_Processing/Image_Processing.srcs/sources_1/new/line_buffer.v:75]
WARNING: [Synth 8-7137] Register row_buf_reg[0][81] in module line_buffer has both Set and reset with same priority. This may cause simulation mismatches. Consider rewriting code  [C:/Users/dyang/Desktop/CSUN/ECE520/Image_Processing/Image_Processing.srcs/sources_1/new/line_buffer.v:75]
WARNING: [Synth 8-7137] Register row_buf_reg[0][82] in module line_buffer has both Set and reset with same priority. This may cause simulation mismatches. Consider rewriting code  [C:/Users/dyang/Desktop/CSUN/ECE520/Image_Processing/Image_Processing.srcs/sources_1/new/line_buffer.v:75]
WARNING: [Synth 8-7137] Register row_buf_reg[0][83] in module line_buffer has both Set and reset with same priority. This may cause simulation mismatches. Consider rewriting code  [C:/Users/dyang/Desktop/CSUN/ECE520/Image_Processing/Image_Processing.srcs/sources_1/new/line_buffer.v:75]
WARNING: [Synth 8-7137] Register row_buf_reg[0][84] in module line_buffer has both Set and reset with same priority. This may cause simulation mismatches. Consider rewriting code  [C:/Users/dyang/Desktop/CSUN/ECE520/Image_Processing/Image_Processing.srcs/sources_1/new/line_buffer.v:75]
WARNING: [Synth 8-7137] Register row_buf_reg[0][85] in module line_buffer has both Set and reset with same priority. This may cause simulation mismatches. Consider rewriting code  [C:/Users/dyang/Desktop/CSUN/ECE520/Image_Processing/Image_Processing.srcs/sources_1/new/line_buffer.v:75]
WARNING: [Synth 8-7137] Register row_buf_reg[0][86] in module line_buffer has both Set and reset with same priority. This may cause simulation mismatches. Consider rewriting code  [C:/Users/dyang/Desktop/CSUN/ECE520/Image_Processing/Image_Processing.srcs/sources_1/new/line_buffer.v:75]
WARNING: [Synth 8-7137] Register row_buf_reg[0][87] in module line_buffer has both Set and reset with same priority. This may cause simulation mismatches. Consider rewriting code  [C:/Users/dyang/Desktop/CSUN/ECE520/Image_Processing/Image_Processing.srcs/sources_1/new/line_buffer.v:75]
WARNING: [Synth 8-7137] Register row_buf_reg[0][88] in module line_buffer has both Set and reset with same priority. This may cause simulation mismatches. Consider rewriting code  [C:/Users/dyang/Desktop/CSUN/ECE520/Image_Processing/Image_Processing.srcs/sources_1/new/line_buffer.v:75]
WARNING: [Synth 8-7137] Register row_buf_reg[0][89] in module line_buffer has both Set and reset with same priority. This may cause simulation mismatches. Consider rewriting code  [C:/Users/dyang/Desktop/CSUN/ECE520/Image_Processing/Image_Processing.srcs/sources_1/new/line_buffer.v:75]
WARNING: [Synth 8-7137] Register row_buf_reg[0][90] in module line_buffer has both Set and reset with same priority. This may cause simulation mismatches. Consider rewriting code  [C:/Users/dyang/Desktop/CSUN/ECE520/Image_Processing/Image_Processing.srcs/sources_1/new/line_buffer.v:75]
WARNING: [Synth 8-7137] Register row_buf_reg[0][91] in module line_buffer has both Set and reset with same priority. This may cause simulation mismatches. Consider rewriting code  [C:/Users/dyang/Desktop/CSUN/ECE520/Image_Processing/Image_Processing.srcs/sources_1/new/line_buffer.v:75]
WARNING: [Synth 8-7137] Register row_buf_reg[0][92] in module line_buffer has both Set and reset with same priority. This may cause simulation mismatches. Consider rewriting code  [C:/Users/dyang/Desktop/CSUN/ECE520/Image_Processing/Image_Processing.srcs/sources_1/new/line_buffer.v:75]
WARNING: [Synth 8-7137] Register row_buf_reg[0][93] in module line_buffer has both Set and reset with same priority. This may cause simulation mismatches. Consider rewriting code  [C:/Users/dyang/Desktop/CSUN/ECE520/Image_Processing/Image_Processing.srcs/sources_1/new/line_buffer.v:75]
WARNING: [Synth 8-7137] Register row_buf_reg[0][94] in module line_buffer has both Set and reset with same priority. This may cause simulation mismatches. Consider rewriting code  [C:/Users/dyang/Desktop/CSUN/ECE520/Image_Processing/Image_Processing.srcs/sources_1/new/line_buffer.v:75]
WARNING: [Synth 8-7137] Register row_buf_reg[0][95] in module line_buffer has both Set and reset with same priority. This may cause simulation mismatches. Consider rewriting code  [C:/Users/dyang/Desktop/CSUN/ECE520/Image_Processing/Image_Processing.srcs/sources_1/new/line_buffer.v:75]
WARNING: [Synth 8-7137] Register row_buf_reg[0][96] in module line_buffer has both Set and reset with same priority. This may cause simulation mismatches. Consider rewriting code  [C:/Users/dyang/Desktop/CSUN/ECE520/Image_Processing/Image_Processing.srcs/sources_1/new/line_buffer.v:75]
WARNING: [Synth 8-7137] Register row_buf_reg[0][97] in module line_buffer has both Set and reset with same priority. This may cause simulation mismatches. Consider rewriting code  [C:/Users/dyang/Desktop/CSUN/ECE520/Image_Processing/Image_Processing.srcs/sources_1/new/line_buffer.v:75]
WARNING: [Synth 8-7137] Register row_buf_reg[0][98] in module line_buffer has both Set and reset with same priority. This may cause simulation mismatches. Consider rewriting code  [C:/Users/dyang/Desktop/CSUN/ECE520/Image_Processing/Image_Processing.srcs/sources_1/new/line_buffer.v:75]
WARNING: [Synth 8-7137] Register row_buf_reg[0][99] in module line_buffer has both Set and reset with same priority. This may cause simulation mismatches. Consider rewriting code  [C:/Users/dyang/Desktop/CSUN/ECE520/Image_Processing/Image_Processing.srcs/sources_1/new/line_buffer.v:75]
INFO: [Common 17-14] Message 'Synth 8-7137' appears 100 times and further instances of the messages will be disabled. Use the Tcl command set_msg_config to change the current settings.
---------------------------------------------------------------------------------
Finished Synthesize : Time (s): cpu = 00:00:22 ; elapsed = 00:00:25 . Memory (MB): peak = 1517.504 ; gain = 1065.156
---------------------------------------------------------------------------------
---------------------------------------------------------------------------------
Finished Constraint Validation : Time (s): cpu = 00:00:24 ; elapsed = 00:00:28 . Memory (MB): peak = 1517.504 ; gain = 1065.156
---------------------------------------------------------------------------------
---------------------------------------------------------------------------------
Start Loading Part and Timing Information
---------------------------------------------------------------------------------
Loading part: xc7z010clg400-1
---------------------------------------------------------------------------------
Finished Loading Part and Timing Information : Time (s): cpu = 00:00:24 ; elapsed = 00:00:28 . Memory (MB): peak = 1517.504 ; gain = 1065.156
---------------------------------------------------------------------------------
INFO: [Device 21-403] Loading part xc7z010clg400-1
---------------------------------------------------------------------------------
Finished RTL Optimization Phase 2 : Time (s): cpu = 00:00:48 ; elapsed = 00:00:51 . Memory (MB): peak = 1517.504 ; gain = 1065.156
---------------------------------------------------------------------------------
No constraint files found.
---------------------------------------------------------------------------------
Start RTL Component Statistics 
---------------------------------------------------------------------------------
Detailed RTL Component Info : 
+---Adders : 
	   2 Input   32 Bit       Adders := 1     
	   2 Input   21 Bit       Adders := 1     
	   9 Input   20 Bit       Adders := 1     
	   2 Input    2 Bit       Adders := 1     
+---Registers : 
	                8 Bit    Registers := 1930  
	                2 Bit    Registers := 1     
	                1 Bit    Registers := 3     
+---Muxes : 
	   2 Input   20 Bit        Muxes := 1     
	   3 Input   20 Bit        Muxes := 1     
	   3 Input    8 Bit        Muxes := 1290  
	   2 Input    8 Bit        Muxes := 20    
	   2 Input    2 Bit        Muxes := 9     
	   2 Input    1 Bit        Muxes := 1940  
---------------------------------------------------------------------------------
Finished RTL Component Statistics 
---------------------------------------------------------------------------------
---------------------------------------------------------------------------------
Start Part Resource Summary
---------------------------------------------------------------------------------
Part Resources:
DSPs: 80 (col length:40)
BRAMs: 120 (col length: RAMB18 40 RAMB36 20)
---------------------------------------------------------------------------------
Finished Part Resource Summary
---------------------------------------------------------------------------------
No constraint files found.
---------------------------------------------------------------------------------
Start Cross Boundary and Area Optimization
---------------------------------------------------------------------------------
DSP Report: Generating DSP scaled1, operation Mode is: A*(B:0x39).
DSP Report: operator scaled1 is absorbed into DSP scaled1.
---------------------------------------------------------------------------------
Finished Cross Boundary and Area Optimization : Time (s): cpu = 00:01:57 ; elapsed = 00:03:05 . Memory (MB): peak = 1576.012 ; gain = 1123.664
---------------------------------------------------------------------------------
---------------------------------------------------------------------------------
Start ROM, RAM, DSP, Shift Register and Retiming Reporting
---------------------------------------------------------------------------------

DSP: Preliminary Mapping Report (see note below. The ' indicates corresponding REG is set)
+------------+-------------+--------+--------+--------+--------+--------+------+------+------+------+-------+------+------+
|Module Name | DSP Mapping | A Size | B Size | C Size | D Size | P Size | AREG | BREG | CREG | DREG | ADREG | MREG | PREG | 
+------------+-------------+--------+--------+--------+--------+--------+------+------+------+------+-------+------+------+
|conv_engine | A*(B:0x39)  | 20     | 7      | -      | -      | 27     | 0    | 0    | -    | -    | -     | 0    | 0    | 
+------------+-------------+--------+--------+--------+--------+--------+------+------+------+------+-------+------+------+

Note: The table above is a preliminary report that shows the DSPs inferred at the current stage of the synthesis flow. Some DSP may be reimplemented as non DSP primitives later in the synthesis flow. Multiple instantiated DSPs are reported only once.
---------------------------------------------------------------------------------
Finished ROM, RAM, DSP, Shift Register and Retiming Reporting
---------------------------------------------------------------------------------
No constraint files found.
---------------------------------------------------------------------------------
Start Timing Optimization
---------------------------------------------------------------------------------
---------------------------------------------------------------------------------
Finished Timing Optimization : Time (s): cpu = 00:02:02 ; elapsed = 00:03:11 . Memory (MB): peak = 1576.012 ; gain = 1123.664
---------------------------------------------------------------------------------
---------------------------------------------------------------------------------
Start Technology Mapping
---------------------------------------------------------------------------------
---------------------------------------------------------------------------------
Finished Technology Mapping : Time (s): cpu = 00:02:14 ; elapsed = 00:03:26 . Memory (MB): peak = 1576.012 ; gain = 1123.664
---------------------------------------------------------------------------------
---------------------------------------------------------------------------------
Start IO Insertion
---------------------------------------------------------------------------------
---------------------------------------------------------------------------------
Start Flattening Before IO Insertion
---------------------------------------------------------------------------------
---------------------------------------------------------------------------------
Finished Flattening Before IO Insertion
---------------------------------------------------------------------------------
---------------------------------------------------------------------------------
Start Final Netlist Cleanup
---------------------------------------------------------------------------------
---------------------------------------------------------------------------------
Finished Final Netlist Cleanup
---------------------------------------------------------------------------------
---------------------------------------------------------------------------------
Finished IO Insertion : Time (s): cpu = 00:02:41 ; elapsed = 00:03:57 . Memory (MB): peak = 1576.012 ; gain = 1123.664
---------------------------------------------------------------------------------
---------------------------------------------------------------------------------
Start Renaming Generated Instances
---------------------------------------------------------------------------------
---------------------------------------------------------------------------------
Finished Renaming Generated Instances : Time (s): cpu = 00:02:41 ; elapsed = 00:03:57 . Memory (MB): peak = 1576.012 ; gain = 1123.664
---------------------------------------------------------------------------------
---------------------------------------------------------------------------------
Start Rebuilding User Hierarchy
---------------------------------------------------------------------------------
---------------------------------------------------------------------------------
Finished Rebuilding User Hierarchy : Time (s): cpu = 00:02:43 ; elapsed = 00:03:59 . Memory (MB): peak = 1576.012 ; gain = 1123.664
---------------------------------------------------------------------------------
---------------------------------------------------------------------------------
Start Renaming Generated Ports
---------------------------------------------------------------------------------
---------------------------------------------------------------------------------
Finished Renaming Generated Ports : Time (s): cpu = 00:02:43 ; elapsed = 00:03:59 . Memory (MB): peak = 1576.012 ; gain = 1123.664
---------------------------------------------------------------------------------
---------------------------------------------------------------------------------
Start Handling Custom Attributes
---------------------------------------------------------------------------------
---------------------------------------------------------------------------------
Finished Handling Custom Attributes : Time (s): cpu = 00:02:46 ; elapsed = 00:04:02 . Memory (MB): peak = 1576.012 ; gain = 1123.664
---------------------------------------------------------------------------------
---------------------------------------------------------------------------------
Start Renaming Generated Nets
---------------------------------------------------------------------------------
---------------------------------------------------------------------------------
Finished Renaming Generated Nets : Time (s): cpu = 00:02:46 ; elapsed = 00:04:02 . Memory (MB): peak = 1576.012 ; gain = 1123.664
---------------------------------------------------------------------------------
---------------------------------------------------------------------------------
Start Writing Synthesis Report
---------------------------------------------------------------------------------

DSP Final Report (the ' indicates corresponding REG is set)
+------------+-------------+--------+--------+--------+--------+--------+------+------+------+------+-------+------+------+
|Module Name | DSP Mapping | A Size | B Size | C Size | D Size | P Size | AREG | BREG | CREG | DREG | ADREG | MREG | PREG | 
+------------+-------------+--------+--------+--------+--------+--------+------+------+------+------+-------+------+------+
|conv_engine | A*B         | 30     | 6      | -      | -      | 27     | 0    | 0    | -    | -    | -     | 0    | 0    | 
+------------+-------------+--------+--------+--------+--------+--------+------+------+------+------+-------+------+------+


Report BlackBoxes: 
+-+--------------+----------+
| |BlackBox name |Instances |
+-+--------------+----------+
+-+--------------+----------+

Report Cell Usage: 
+------+--------+------+
|      |Cell    |Count |
+------+--------+------+
|1     |BUFG    |     1|
|2     |CARRY4  |   151|
|3     |DSP48E1 |     1|
|4     |LUT1    |    17|
|5     |LUT2    |   326|
|6     |LUT3    |   187|
|7     |LUT4    |   299|
|8     |LUT5    |  5147|
|9     |LUT6    | 10859|
|10    |MUXF7   |  1392|
|11    |MUXF8   |   696|
|12    |FDCE    |   134|
|13    |FDRE    | 15432|
|14    |IBUF    |   116|
|15    |OBUF    |    10|
+------+--------+------+

Report Instance Areas: 
+------+--------------------+------------+------+
|      |Instance            |Module      |Cells |
+------+--------------------+------------+------+
|1     |top                 |            | 34768|
|2     |  conv_engine_inst_ |conv_engine |   134|
|3     |  line_buffer_inst_ |line_buffer | 34507|
+------+--------------------+------------+------+
---------------------------------------------------------------------------------
Finished Writing Synthesis Report : Time (s): cpu = 00:02:46 ; elapsed = 00:04:02 . Memory (MB): peak = 1576.012 ; gain = 1123.664
---------------------------------------------------------------------------------
Synthesis finished with 0 errors, 0 critical warnings and 1930 warnings.
Synthesis Optimization Runtime : Time (s): cpu = 00:02:46 ; elapsed = 00:04:10 . Memory (MB): peak = 1576.012 ; gain = 1123.664
Synthesis Optimization Complete : Time (s): cpu = 00:02:46 ; elapsed = 00:04:10 . Memory (MB): peak = 1576.012 ; gain = 1123.664
INFO: [Project 1-571] Translating synthesized netlist
Netlist sorting complete. Time (s): cpu = 00:00:01 ; elapsed = 00:00:00.953 . Memory (MB): peak = 1576.012 ; gain = 0.000
INFO: [Netlist 29-17] Analyzing 2240 Unisim elements for replacement
INFO: [Netlist 29-28] Unisim Transformation completed in 0 CPU seconds
WARNING: [Netlist 29-101] Netlist 'image_filter' is not ideal for floorplanning, since the cellview 'line_buffer' contains a large number of primitives.  Please consider enabling hierarchy in synthesis if you want to do floorplanning.
INFO: [Project 1-570] Preparing netlist for logic optimization
INFO: [Opt 31-138] Pushed 0 inverter(s) to 0 load pin(s).
Netlist sorting complete. Time (s): cpu = 00:00:00 ; elapsed = 00:00:00.030 . Memory (MB): peak = 1633.305 ; gain = 0.000
INFO: [Project 1-111] Unisim Transformation Summary:
No Unisim elements were transformed.

Synth Design complete | Checksum: d8b6dc79
INFO: [Common 17-83] Releasing license: Synthesis
19 Infos, 102 Warnings, 0 Critical Warnings and 0 Errors encountered.
synth_design completed successfully
synth_design: Time (s): cpu = 00:04:58 ; elapsed = 00:06:37 . Memory (MB): peak = 1633.305 ; gain = 1203.820
INFO: [Common 17-1381] The checkpoint 'C:/Users/dyang/Desktop/CSUN/ECE520/Image_Processing/Image_Processing.runs/synth_1/image_filter.dcp' has been generated.
write_checkpoint: Time (s): cpu = 00:00:13 ; elapsed = 00:00:13 . Memory (MB): peak = 1633.305 ; gain = 0.000
INFO: [runtcl-4] Executing : report_utilization -file image_filter_utilization_synth.rpt -pb image_filter_utilization_synth.pb
INFO: [Common 17-206] Exiting Vivado at Thu Apr 30 20:43:23 2026...
